== task 9: instance_protonmail__webclients-944adbfe06644be0789f59b78395bdd8567d8547
== image: jefzda/sweap-images:protonmail.webclients-protonmail__webclients-944adbfe06644be0789f59b78395bdd8567d8547
protonmail.webclients-protonmail__webclients-944adbfe06644be0789f59b78395bdd8567d8547: Pulling from jefzda/sweap-images
Digest: sha256:cf8a28ff0ed3dfddd1d60dddae617a94bb5e4b566e60ef9fafabeaa7cc11d424
Status: Image is up to date for jefzda/sweap-images:protonmail.webclients-protonmail__webclients-944adbfe06644be0789f59b78395bdd8567d8547
docker.io/jefzda/sweap-images:protonmail.webclients-protonmail__webclients-944adbfe06644be0789f59b78395bdd8567d8547
== workdir in container: /app
== note: baseline checkout is dirty; committing image state so the diff is only your changes
→ No staged files match any configured task.
== harness interpreter: /usr/bin/python3.11 (Python 3.11.12)
madsLoop finished: done
== patch written to model_patch_instance_protonmail__webclients-944adbfe06644be0789f59b78395bdd8567d8547.diff
diff --git a/packages/metrics/index.ts b/packages/metrics/index.ts
index 5009ed0b72..4bbf2f6aee 100644
--- a/packages/metrics/index.ts
+++ b/packages/metrics/index.ts
@@ -17,6 +17,7 @@ import { WebCoreSignupRecoveryStepSetRecoveryMethodTotal } from './types/web_cor
 import { WebCoreSignupReferralStepPlanSelectionTotal } from './types/web_core_signup_referralStep_planSelection_total_v1.schema.d';
 import { WebCoreSignupUpsellStepPlanSelectionTotal } from './types/web_core_signup_upsellStep_planSelection_total_v1.schema.d';
 import { WebCoreSignupVerificationStepVerificationTotal } from './types/web_core_signup_verificationStep_verification_total_v1.schema.d';
+import { observeApiError, MetricsApiStatusTypes } from './lib/observeApiError';
 
 class Metrics extends MetricsBase {
     public core_signup_pageLoad_total: Counter<WebCoreSignupPageLoadTotal>;
@@ -105,3 +106,5 @@ const metricsRequestService = new MetricsRequestService(metricsApi, {
 const metrics = new Metrics(metricsRequestService);
 
 export default metrics;
+
+export { observeApiError, MetricsApiStatusTypes };
diff --git a/packages/metrics/lib/observeApiError.ts b/packages/metrics/lib/observeApiError.ts
new file mode 100644
